// Vitest Snapshot v1, https://vitest.dev/guide/snapshot.html

exports[`PageNotFound > Renders the PageNotFound component 1`] = `
<div>
  <div
    class="container"
  >
    PageNotFound
  </div>
</div>
`;
